ua1r8r A030-Reg " TeXBase1Encoding ReEncodeFont " <8r.enc <ua1r8a.pfb
ua1b8r A030-Bol " TeXBase1Encoding ReEncodeFont " <8r.enc <ua1b8a.pfb
ua1ri8r A030-Ita " TeXBase1Encoding ReEncodeFont " <8r.enc <ua1ri8a.pfb
ua1bi8r A030-BolIta " TeXBase1Encoding ReEncodeFont " <8r.enc <ua1bi8a.pfb

rcomic8r ComicSansMS "TeXBase1Encoding ReEncodeFont" <8r.enc <comic.ttf
rcomicbd8r ComicSansMS-Bold "TeXBase1Encoding ReEncodeFont" <8r.enc <comicbd.ttf
rcomiccyr ComicSansMS "T2AAdobeEncoding ReEncodeFont" <t2a.enc <comic.ttf
rcomiccyrbd ComicSansMS-Bold "T2AAdobeEncoding ReEncodeFont" <t2a.enc <comicbd.ttf
rcomic7m ComicSansMS "TeXMathItalicEncoding ReEncodeFont" <texmital.enc <comic.ttf
rcomicbd7m ComicSansMS-Bold "TeXMathItalicEncoding ReEncodeFont" <texmital.enc <comicbd.ttf
rcomic7y ComicSansMS "TeXMathSymbolEncoding ReEncodeFont" <texmsym.enc <comic.ttf
rcomic9z ComicSansMS "ComicSansExtraEncoding ReEncodeFont" <csextras.enc <comic.ttf
rcomico8r ComicSansMS "0.167 SlantFont" <rcomic8r.pfb
rcomicbdo8r ComicSansMS-Bold "0.167 SlantFont" <rcomicbd8r.pfb
rcomiccyro ComicSansMS "0.167 SlantFont" <rcomiccyr.pfb
rcomiccyrbdo ComicSansMS-Bold "0.167 SlantFont" <rcomiccyrbd.pfb

favr8r ArevSans-Roman <8r.enc <ArevSans-Roman.pfb " TeXBase1Encoding ReEncodeFont "
favri8r ArevSans-Oblique <8r.enc <ArevSans-Oblique.pfb " TeXBase1Encoding ReEncodeFont "
favb8r ArevSans-Bold <8r.enc <ArevSans-Bold.pfb " TeXBase1Encoding ReEncodeFont "
favbi8r ArevSans-BoldOblique <8r.enc <ArevSans-BoldOblique.pfb " TeXBase1Encoding ReEncodeFont "
favmr7t ArevSans-Roman <arevot1.enc <ArevSans-Roman.pfb " ArevSansMathOT1 ReEncodeFont "
favmb7t ArevSans-Bold <arevot1.enc <ArevSans-Bold.pfb " ArevSansMathOT1 ReEncodeFont "
favmri7m ArevSans-Oblique <arevoml.enc <ArevSans-Oblique.pfb " ArevSansMathOML ReEncodeFont "
favmbi7m ArevSans-BoldOblique <arevoml.enc <ArevSans-BoldOblique.pfb " ArevSansMathOML ReEncodeFont "
favmr7y ArevSans-Roman <arevoms.enc <ArevSans-Roman.pfb " ArevSansMathOMS ReEncodeFont "

fvsr8r  BeraSans-Roman         " TeXBase1Encoding ReEncodeFont " <8r.enc <fvsr8a.pfb
fvsro8r BeraSans-Oblique       " TeXBase1Encoding ReEncodeFont " <8r.enc <fvsro8a.pfb
fvsb8r  BeraSans-Bold          " TeXBase1Encoding ReEncodeFont " <8r.enc <fvsb8a.pfb
fvsbo8r BeraSans-BoldOblique   " TeXBase1Encoding ReEncodeFont " <8r.enc <fvsbo8a.pfb
fver8r  BeraSerif-Roman        " TeXBase1Encoding ReEncodeFont " <8r.enc <fver8a.pfb
fveb8r  BeraSerif-Bold         " TeXBase1Encoding ReEncodeFont " <8r.enc <fveb8a.pfb
fvero8r  BeraSerif-Roman  " .167 SlantFont TeXBase1Encoding ReEncodeFont " <8r.enc <fver8a.pfb
fvebo8r  BeraSerif-Bold   " .167 SlantFont TeXBase1Encoding ReEncodeFont " <8r.enc <fveb8a.pfb
fvmr8r  BeraSansMono-Roman     " TeXBase1Encoding ReEncodeFont " <8r.enc <fvmr8a.pfb
fvmro8r BeraSansMono-Oblique   " TeXBase1Encoding ReEncodeFont " <8r.enc <fvmro8a.pfb
fvmb8r  BeraSansMono-Bold      " TeXBase1Encoding ReEncodeFont " <8r.enc <fvmb8a.pfb
fvmbo8r BeraSansMono-BoldOb    " TeXBase1Encoding ReEncodeFont " <8r.enc <fvmbo8a.pfb

